
> neuro-adaptive-os@0.0.0 build
> tsc -b && vite build

node.exe : X [ERROR] 
Unexpected "\xff" in 
JSON
At line:1 char:1
+ & "C:\Program 
Files\nodejs/node.exe" 
"C:\Users\drona\AppData
\Roaming\ ...
+ ~~~~~~~~~~~~~~~~~~~~~
~~~~~~~~~~~~~~~~~~~~~~~
~~~~~~~~~~~~~~~~~~~~~~~
~~
    + CategoryInfo     
         : NotSpecifi  
  ed: (X [ERROR] Une   
 xpected "\xff" in     
JSON:String) [], R    
emoteException
    + FullyQualifiedEr 
   rorId : NativeComm  
  andError
 

    tsconfig.json:1:0:
      1 Γöé  ■{ 
        Γò╡ ^

[31mfailed to load 
config from C:\Projects
\neuro-adaptive-os\vite
.config.ts[39m
[31merror during 
build:
Error: Build failed 
with 1 error:
tsconfig.json:1:0: 
ERROR: Unexpected 
"\xff" in JSON
    at 
failureErrorWithLog (C:
\Projects\neuro-adaptiv
e-os\node_modules\esbui
ld\lib\main.js:1467:15)
    at C:\Projects\neur
o-adaptive-os\node_modu
les\esbuild\lib\main.js
:926:25
    at 
runOnEndCallbacks (C:\P
rojects\neuro-adaptive-
os\node_modules\esbuild
\lib\main.js:1307:45)
    at 
buildResponseToResult (
C:\Projects\neuro-adapt
ive-os\node_modules\esb
uild\lib\main.js:924:7)
    at C:\Projects\neur
o-adaptive-os\node_modu
les\esbuild\lib\main.js
:951:16
    at responseCallback
s.<computed> (C:\Projec
ts\neuro-adaptive-os\no
de_modules\esbuild\lib\
main.js:603:9)
    at 
handleIncomingPacket (C
:\Projects\neuro-adapti
ve-os\node_modules\esbu
ild\lib\main.js:658:12)
    at 
Socket.readFromStdout (
C:\Projects\neuro-adapt
ive-os\node_modules\esb
uild\lib\main.js:581:7)
    at Socket.emit 
(node:events:519:28)
    at addChunk (node:i
nternal/streams/readabl
e:561:12)[39m
